
> cal-ai-clone@0.1.0 build
> vite build

[36mvite v7.3.1 [32mbuilding client environment for production...[36m[39m
transforming...
[32mΓ£ô[39m 20 modules transformed.
node.exe : 
[31mΓ£ù[39m Build 
failed in 1.81s
At line:1 char:1
+ & "C:\Program 
Files\nodejs/node.exe" 
"C:\Program 
Files\nodejs/node_mo 
...
+ ~~~~~~~~~~~~~~~~~~~~~
~~~~~~~~~~~~~~~~~~~~~~~
~~~~~~~~~~~~~~~~~~~~~~~
~~
    + CategoryInfo     
         : NotSpecifi  
  ed: ([31mΓ£ù[39m   
  Build failed in 1    
.81s:String) [], R    
emoteException
    + FullyQualifiedEr 
   rorId : NativeComm  
  andError
 
[31merror during 
build:
[31m[vite:esbuild] 
Transform failed with 
1 error:
C:/Users/hp/Desktop/Cal
 ai/src/pages/Dashboard
Page.jsx:10:9: ERROR: 
The symbol "useState" 
has already been 
declared[31m
file: [36mC:/Users/hp/
Desktop/Cal ai/src/page
s/DashboardPage.jsx:10:
9[31m
[33m
[33mThe symbol 
"useState" has already 
been declared[33m
8  |  import { 
useNutrition } from '..
/context/NutritionConte
xt'
9  |  import Modal 
from '../components/com
mon/Modal'
10 |  import { 
useState } from 'react'
   |           ^
11 |  
12 |  const 
DashboardPage = () => {
[31m
    at 
failureErrorWithLog (C:
\Users\hp\Desktop\Cal a
i\node_modules\esbuild\
lib\main.js:1467:15)
    at C:\Users\hp\Desk
top\Cal ai\node_modules
\esbuild\lib\main.js:73
6:50
    at responseCallback
s.<computed> (C:\Users\
hp\Desktop\Cal ai\node_
modules\esbuild\lib\mai
n.js:603:9)
    at 
handleIncomingPacket (C
:\Users\hp\Desktop\Cal 
ai\node_modules\esbuild
\lib\main.js:658:12)
    at 
Socket.readFromStdout (
C:\Users\hp\Desktop\Cal
 ai\node_modules\esbuil
d\lib\main.js:581:7)
    at Socket.emit 
(node:events:508:28)
    at addChunk (node:i
nternal/streams/readabl
e:563:12)
    at readableAddChunk
PushByteMode (node:inte
rnal/streams/readable:5
14:3)
    at Readable.push (n
ode:internal/streams/re
adable:394:5)
    at 
Pipe.onStreamRead (node
:internal/stream_base_c
ommons:189:23)[39m
